[HIT] Building for OS: linux (Detected: linux)
cc -DUSERLAND_MODE=0 -std=c99 -include config.h -I. -Ikernel-amd/os-interface -Ikernel-amd/os-primitives -fPIC -c src/amd/objgpu.c -o src/amd/objgpu.o
cc -DUSERLAND_MODE=0 -std=c99 -include config.h -I. -Ikernel-amd/os-interface -Ikernel-amd/os-primitives -fPIC -c src/amd/hal.c -o src/amd/hal.o
cc -DUSERLAND_MODE=0 -std=c99 -include config.h -I. -Ikernel-amd/os-interface -Ikernel-amd/os-primitives -fPIC -c src/amd/amdgpu_gem_userland.c -o src/amd/amdgpu_gem_userland.o
cc -DUSERLAND_MODE=0 -std=c99 -include config.h -I. -Ikernel-amd/os-interface -Ikernel-amd/os-primitives -fPIC -c src/amd/amdgpu_kms_userland.c -o src/amd/amdgpu_kms_userland.o
cc -DUSERLAND_MODE=0 -std=c99 -include config.h -I. -Ikernel-amd/os-interface -Ikernel-amd/os-primitives -fPIC -c src/amd/resserv.c -o src/amd/resserv.o
cc -DUSERLAND_MODE=0 -std=c99 -include config.h -I. -Ikernel-amd/os-interface -Ikernel-amd/os-primitives -fPIC -c src/amd/rmapi.c -o src/amd/rmapi.o
cc -DUSERLAND_MODE=0 -std=c99 -include config.h -I. -Ikernel-amd/os-interface -Ikernel-amd/os-primitives -fPIC -c src/amd/rmapi_server.c -o src/amd/rmapi_server.o
cc -DUSERLAND_MODE=0 -std=c99 -include config.h -I. -Ikernel-amd/os-interface -Ikernel-amd/os-primitives -fPIC -c src/amd/gmc_v10.c -o src/amd/gmc_v10.o
src/amd/gmc_v10.c: En la función ‘gmc_v10_hw_init’:
src/amd/gmc_v10.c:133:32: aviso: la conversión de ‘long long unsigned int’ a ‘uint32_t’ {también conocido como ‘unsigned int’} cambia el valor de ‘17179869184’ a ‘0’ [-Woverflow]
  133 |     uint32_t page_table_base = 0x400000000ULL;  // Fake base
      |                                ^~~~~~~~~~~~~~
cc -DUSERLAND_MODE=0 -std=c99 -include config.h -I. -Ikernel-amd/os-interface -Ikernel-amd/os-primitives -fPIC -c src/amd/gfx_v10.c -o src/amd/gfx_v10.o
src/amd/gfx_v10.c: En la función ‘gfx_v10_hw_init’:
src/amd/gfx_v10.c:174:26: aviso: la conversión de ‘long long unsigned int’ a ‘uint32_t’ {también conocido como ‘unsigned int’} cambia el valor de ‘21474836480’ a ‘0’ [-Woverflow]
  174 |     uint32_t ring_base = 0x500000000ULL;  // Fake base
      |                          ^~~~~~~~~~~~~~
cc -DUSERLAND_MODE=0 -std=c99 -include config.h -I. -Ikernel-amd/os-interface -Ikernel-amd/os-primitives -fPIC -c src/common/ipc_lib.c -o src/common/ipc_lib.o
cc -DUSERLAND_MODE=0 -std=c99 -include config.h -I. -Ikernel-amd/os-interface -Ikernel-amd/os-primitives -fPIC -c kernel-amd/os-interface/linux/os_interface_linux.c -o kernel-amd/os-interface/linux/os_interface_linux.o
cc -DUSERLAND_MODE=0 -std=c99 -include config.h -I. -Ikernel-amd/os-interface -Ikernel-amd/os-primitives -fPIC -c kernel-amd/os-primitives/linux/os_primitives_linux.c -o kernel-amd/os-primitives/linux/os_primitives_linux.o
cc -shared -o libamdgpu.so src/amd/objgpu.o src/amd/hal.o src/amd/amdgpu_gem_userland.o src/amd/amdgpu_kms_userland.o src/amd/resserv.o src/amd/rmapi.o src/amd/rmapi_server.o src/amd/gmc_v10.o src/amd/gfx_v10.o src/common/ipc_lib.o kernel-amd/os-interface/linux/os_interface_linux.o kernel-amd/os-primitives/linux/os_primitives_linux.o 
cc -DUSERLAND_MODE=0 -std=c99 -include config.h -I. -Ikernel-amd/os-interface -Ikernel-amd/os-primitives -Wall src/amd/rmapi_server.o src/amd/hal.o src/amd/objgpu.o src/amd/rmapi.o src/amd/resserv.o src/common/ipc_lib.o kernel-amd/os-interface/linux/os_interface_linux.o kernel-amd/os-primitives/linux/os_primitives_linux.o   -o rmapi_server
/usr/bin/ld: src/amd/hal.o: en la función `amdgpu_device_init_hal':
hal.c:(.text+0x3ca): referencia a `gmc_v10_ip_block' sin definir
/usr/bin/ld: hal.c:(.text+0x3e3): referencia a `gfx_v10_ip_block' sin definir
/usr/bin/ld: hal.c:(.text+0x435): referencia a `gmc_v10_ip_block' sin definir
/usr/bin/ld: hal.c:(.text+0x47a): referencia a `gmc_v10_ip_block' sin definir
collect2: error: ld devolvió el estado de salida 1
make: *** [Makefile:84: rmapi_server] Error 1
